GREEN ok TEST-WIRE-001 (REQ-WIRE-001) 223ms
GREEN ok TEST-WIRE-002 (REQ-WIRE-003) 172ms
GREEN ok TEST-WIRE-003 (REQ-WIRE-005) 165ms
GREEN REJECTED TEST-WIRE-004: test failed
--- FAIL: TestTEST_WIRE_004 (0.00s)
    wire_test.go:69: truncated: unexpected EOF
FAIL
FAIL	example.com/sqlwire/internal/wire	0.003s
FAIL
GREEN ok TEST-WIRE-005 (REQ-WIRE-009) 163ms
GREEN ok TEST-TX-001 (REQ-TX-001) 227ms
GREEN ok TEST-TX-002 (REQ-TX-003) 169ms
GREEN ok TEST-TX-003 (REQ-TX-005) 165ms
GREEN ok TEST-TX-004 (REQ-TX-007) 175ms
GREEN ok TEST-TX-005 (REQ-TX-009) 175ms
GREEN ok TEST-QUERY-001 (REQ-QUERY-001) 218ms
GREEN ok TEST-QUERY-002 (REQ-QUERY-003) 173ms
GREEN ok TEST-QUERY-003 (REQ-QUERY-005) 181ms
GREEN ok TEST-QUERY-004 (REQ-QUERY-007) 171ms
GREEN ok TEST-QUERY-005 (REQ-QUERY-009) 159ms
GREEN ok TEST-AUTH-001 (REQ-AUTH-001) 213ms
GREEN ok TEST-AUTH-002 (REQ-AUTH-003) 155ms
GREEN ok TEST-AUTH-003 (REQ-AUTH-005) 179ms
GREEN ok TEST-AUTH-004 (REQ-AUTH-007) 172ms
GREEN ok TEST-AUTH-005 (REQ-AUTH-009) 168ms
