init ok: .sdd/config.json (testCmd: go test ./... -run {IDU}(_|$); checks: test)
next: write .sdd/specs/<feature>.md (see references/spec-template.md)
RED ok TEST-MODULE-001 (REQ-MODULE-001) 217ms — fails with: ok  	example.com/rootmodule	0.002s [weak]
GREEN ok TEST-MODULE-001 (REQ-MODULE-001) 130ms
SDD GATE PASS
✓ trace: 1 REQ, 0 errors
✓ ledger: 2 entries, chain intact
✓ tdd evidence: 1/1 tests Red→Green, 1 weak Red (1 characterization: passed without a failing Red)
✓ cmd test (0.4s)
--- FAIL: TestChild (0.00s)
    child_test.go:5: nested Go module must be checked
FAIL
FAIL	example.com/childmodule	0.003s
FAIL
BUG: full gate PASS while nested module tests FAIL
{
  "schemaVersion": 1,
  "testCmd": [
    "go",
    "test",
    "./...",
    "-run",
    "{IDU}(_|$)"
  ],
  "checks": [
    {
      "name": "test",
      "cmd": [
        "go",
        "test",
        "./..."
      ],
      "changedCmd": [
        "go",
        "test",
        "{changedGoPkgs}"
      ]
    }
  ],
  "timeoutMs": 120000
}
