RED ok TEST-WIRE-001 (REQ-WIRE-001) 192ms — fails with: --- FAIL: TestTEST_WIRE_001 (0.00s)
RED ok TEST-WIRE-002 (REQ-WIRE-003) 142ms — fails with: --- FAIL: TestTEST_WIRE_002 (0.00s)
RED ok TEST-WIRE-003 (REQ-WIRE-005) 162ms — fails with: --- FAIL: TestTEST_WIRE_003 (0.00s)
RED ok TEST-WIRE-004 (REQ-WIRE-007) 179ms — fails with: --- FAIL: TestTEST_WIRE_004 (0.00s)
RED ok TEST-WIRE-005 (REQ-WIRE-009) 168ms — fails with: --- FAIL: TestTEST_WIRE_005 (0.00s)
RED ok TEST-TX-001 (REQ-TX-001) 219ms — fails with: --- FAIL: TestTEST_TX_001 (0.00s)
RED ok TEST-TX-002 (REQ-TX-003) 155ms — fails with: --- FAIL: TestTEST_TX_002 (0.00s)
RED ok TEST-TX-003 (REQ-TX-005) 148ms — fails with: --- FAIL: TestTEST_TX_003 (0.00s)
RED ok TEST-TX-004 (REQ-TX-007) 159ms — fails with: --- FAIL: TestTEST_TX_004 (0.00s)
RED ok TEST-TX-005 (REQ-TX-009) 163ms — fails with: --- FAIL: TestTEST_TX_005 (0.00s)
RED ok TEST-QUERY-001 (REQ-QUERY-001) 206ms — fails with: --- FAIL: TestTEST_QUERY_001 (0.00s)
RED ok TEST-QUERY-002 (REQ-QUERY-003) 189ms — fails with: query_test.go:36: XX000: not implemented
RED ok TEST-QUERY-003 (REQ-QUERY-005) 154ms — fails with: --- FAIL: TestTEST_QUERY_003 (0.00s)
RED ok TEST-QUERY-004 (REQ-QUERY-007) 171ms — fails with: query_test.go:72: XX000: not implemented
RED ok TEST-QUERY-005 (REQ-QUERY-009) 160ms — fails with: --- FAIL: TestTEST_QUERY_005 (0.00s)
RED ok TEST-AUTH-001 (REQ-AUTH-001) 183ms — fails with: --- FAIL: TestTEST_AUTH_001 (0.00s)
RED ok TEST-AUTH-002 (REQ-AUTH-003) 143ms — fails with: --- FAIL: TestTEST_AUTH_002 (0.00s)
RED ok TEST-AUTH-003 (REQ-AUTH-005) 151ms — fails with: --- FAIL: TestTEST_AUTH_003 (0.00s)
RED ok TEST-AUTH-004 (REQ-AUTH-007) 156ms — fails with: --- FAIL: TestTEST_AUTH_004 (0.00s)
RED ok TEST-AUTH-005 (REQ-AUTH-009) 154ms — fails with: --- FAIL: TestTEST_AUTH_005 (0.00s)
