✖ TEST-RUNTIME-012 DOM single coercion policy (4.546603ms)
ℹ tests 1
ℹ suites 0
ℹ pass 0
ℹ fail 1
ℹ cancelled 0
ℹ skipped 0
ℹ todo 0
ℹ duration_ms 215.922009

✖ failing tests:

test at packages/runtime/test/runtime.test.ts:86:1
✖ TEST-RUNTIME-012 DOM single coercion policy (4.546603ms)
  AssertionError [ERR_ASSERTION]: Expected values to be strictly equal:
  + actual - expected
  
  + 'javascript:blocked'
  - '/safe'
  
      at TestContext.<anonymous> (file:///home/nahisaho/GitHub/musubix6/dogfood-7/app006-ts-reactive-ui/packages/runtime/test/runtime.test.ts:91:10)
      at Test.runInAsyncScope (node:async_hooks:227:14)
      at Test.run (node:internal/test_runner/test:1402:25)
      at Test.start (node:internal/test_runner/test:1262:17)
      at startSubtestAfterBootstrap (node:internal/test_runner/harness:387:17) {
    generatedMessage: true,
    code: 'ERR_ASSERTION',
    actual: 'javascript:blocked',
    expected: '/safe',
    operator: 'strictEqual',
    diff: 'simple'
  }
