GREEN ok TEST-SIGNALS-001 (REQ-SIGNALS-001) 160ms
GREEN ok TEST-SIGNALS-002 (REQ-SIGNALS-002) 163ms
GREEN ok TEST-SIGNALS-003 (REQ-SIGNALS-003) 175ms
GREEN ok TEST-SIGNALS-004 (REQ-SIGNALS-004) 153ms
GREEN ok TEST-SIGNALS-005 (REQ-SIGNALS-005) 169ms
GREEN ok TEST-SIGNALS-006 (REQ-SIGNALS-006) 153ms
GREEN ok TEST-SIGNALS-007 (REQ-SIGNALS-007) 143ms
GREEN ok TEST-SIGNALS-008 (REQ-SIGNALS-008) 136ms
GREEN ok TEST-SIGNALS-009 (REQ-SIGNALS-009) 143ms
GREEN ok TEST-SIGNALS-010 (REQ-SIGNALS-010) 154ms
GREEN ok TEST-SIGNALS-011 (REQ-SIGNALS-011) 153ms
GREEN ok TEST-SCHEDULER-001 (REQ-SCHEDULER-001) 137ms
GREEN ok TEST-SCHEDULER-002 (REQ-SCHEDULER-002) 170ms
GREEN ok TEST-SCHEDULER-003 (REQ-SCHEDULER-003) 162ms
GREEN ok TEST-SCHEDULER-004 (REQ-SCHEDULER-004) 146ms
GREEN ok TEST-SCHEDULER-005 (REQ-SCHEDULER-005) 142ms
GREEN ok TEST-SCHEDULER-006 (REQ-SCHEDULER-006) 140ms
GREEN ok TEST-SCHEDULER-007 (REQ-SCHEDULER-007) 154ms
GREEN ok TEST-SCHEDULER-008 (REQ-SCHEDULER-008) 149ms
GREEN ok TEST-SCHEDULER-009 (REQ-SCHEDULER-009) 135ms
GREEN ok TEST-SCHEDULER-010 (REQ-SCHEDULER-010) 146ms
GREEN ok TEST-SCHEDULER-011 (REQ-SCHEDULER-011) 151ms
GREEN ok TEST-SCHEDULER-012 (REQ-SCHEDULER-012) 147ms
GREEN ok TEST-VDOM-001 (REQ-VDOM-001) 142ms
GREEN ok TEST-VDOM-002 (REQ-VDOM-002) 148ms
GREEN ok TEST-VDOM-003 (REQ-VDOM-003) 147ms
GREEN ok TEST-VDOM-004 (REQ-VDOM-004) 149ms
GREEN ok TEST-VDOM-005 (REQ-VDOM-005) 145ms
GREEN ok TEST-VDOM-006 (REQ-VDOM-006) 144ms
GREEN ok TEST-VDOM-007 (REQ-VDOM-007) 140ms
GREEN ok TEST-VDOM-008 (REQ-VDOM-008) 156ms
GREEN ok TEST-VDOM-009 (REQ-VDOM-009) 175ms
GREEN ok TEST-VDOM-010 (REQ-VDOM-010) 174ms
GREEN ok TEST-SSR-001 (REQ-SSR-001) 152ms
GREEN ok TEST-SSR-002 (REQ-SSR-002) 154ms
GREEN ok TEST-SSR-003 (REQ-SSR-003) 155ms
GREEN ok TEST-SSR-004 (REQ-SSR-004) 152ms
GREEN ok TEST-SSR-005 (REQ-SSR-005) 147ms
GREEN ok TEST-SSR-006 (REQ-SSR-006) 152ms
GREEN ok TEST-SSR-007 (REQ-SSR-007) 164ms
GREEN ok TEST-SSR-008 (REQ-SSR-008) 161ms
GREEN ok TEST-SSR-009 (REQ-SSR-009) 153ms
GREEN ok TEST-SSR-010 (REQ-SSR-010) 167ms
GREEN ok TEST-RUNTIME-001 (REQ-RUNTIME-001) 152ms
GREEN ok TEST-RUNTIME-002 (REQ-RUNTIME-002) 161ms
GREEN ok TEST-RUNTIME-003 (REQ-RUNTIME-003) 157ms
GREEN ok TEST-RUNTIME-004 (REQ-RUNTIME-004) 165ms
GREEN ok TEST-RUNTIME-005 (REQ-RUNTIME-005) 158ms
GREEN ok TEST-RUNTIME-006 (REQ-RUNTIME-006) 187ms
GREEN ok TEST-RUNTIME-007 (REQ-RUNTIME-007) 164ms
GREEN ok TEST-RUNTIME-008 (REQ-RUNTIME-008) 188ms
GREEN ok TEST-RUNTIME-009 (REQ-RUNTIME-009) 168ms
GREEN ok TEST-RUNTIME-010 (REQ-RUNTIME-010) 158ms
