RED ok TEST-SIGNALS-001 (REQ-SIGNALS-001) 141ms — fails with: Error: not implemented: signal
RED ok TEST-SIGNALS-002 (REQ-SIGNALS-002) 142ms — fails with: Error: not implemented: signal
RED ok TEST-SIGNALS-003 (REQ-SIGNALS-003) 164ms — fails with: Error: not implemented: signal
RED ok TEST-SIGNALS-004 (REQ-SIGNALS-004) 140ms — fails with: Error: not implemented: signal
RED ok TEST-SIGNALS-005 (REQ-SIGNALS-005) 142ms — fails with: Error: not implemented: signal
RED ok TEST-SIGNALS-006 (REQ-SIGNALS-006) 136ms — fails with: Error: not implemented: signal
RED ok TEST-SIGNALS-007 (REQ-SIGNALS-007) 131ms — fails with: Error: not implemented: signal
RED ok TEST-SIGNALS-008 (REQ-SIGNALS-008) 144ms — fails with: Error: not implemented: signal
RED ok TEST-SIGNALS-009 (REQ-SIGNALS-009) 152ms — fails with: Error: not implemented: signal
RED ok TEST-SIGNALS-010 (REQ-SIGNALS-010) 167ms — fails with: Error: not implemented: signal
RED ok TEST-SIGNALS-011 (REQ-SIGNALS-011) 159ms — fails with: Error: not implemented: signal
RED ok TEST-SCHEDULER-001 (REQ-SCHEDULER-001) 135ms — fails with: Error: not implemented: createScheduler
RED ok TEST-SCHEDULER-002 (REQ-SCHEDULER-002) 131ms — fails with: Error: not implemented: createScheduler
RED ok TEST-SCHEDULER-003 (REQ-SCHEDULER-003) 131ms — fails with: Error: not implemented: createScheduler
RED ok TEST-SCHEDULER-004 (REQ-SCHEDULER-004) 132ms — fails with: Error: not implemented: createScheduler
RED ok TEST-SCHEDULER-005 (REQ-SCHEDULER-005) 135ms — fails with: Error: not implemented: createScheduler
RED ok TEST-SCHEDULER-006 (REQ-SCHEDULER-006) 136ms — fails with: Error: not implemented: createScheduler
RED ok TEST-SCHEDULER-007 (REQ-SCHEDULER-007) 135ms — fails with: Error: not implemented: createScheduler
RED ok TEST-SCHEDULER-008 (REQ-SCHEDULER-008) 152ms — fails with: Error: not implemented: createScheduler
RED ok TEST-SCHEDULER-009 (REQ-SCHEDULER-009) 137ms — fails with: Error: not implemented: createScheduler
RED ok TEST-SCHEDULER-010 (REQ-SCHEDULER-010) 135ms — fails with: Error: not implemented: createScheduler
RED ok TEST-SCHEDULER-011 (REQ-SCHEDULER-011) 128ms — fails with: Error: not implemented: createScheduler
RED ok TEST-SCHEDULER-012 (REQ-SCHEDULER-012) 133ms — fails with: Error: not implemented: createScheduler
RED ok TEST-VDOM-001 (REQ-VDOM-001) 147ms — fails with: Error: not implemented: h
RED ok TEST-VDOM-002 (REQ-VDOM-002) 147ms — fails with: Error: not implemented: h
RED ok TEST-VDOM-003 (REQ-VDOM-003) 159ms — fails with: Error: not implemented: text
RED ok TEST-VDOM-004 (REQ-VDOM-004) 172ms — fails with: Error: not implemented: text
RED ok TEST-VDOM-005 (REQ-VDOM-005) 148ms — fails with: Error: not implemented: h
RED ok TEST-VDOM-006 (REQ-VDOM-006) 138ms — fails with: Error: not implemented: h
RED ok TEST-VDOM-007 (REQ-VDOM-007) 134ms — fails with: Error: not implemented: h
RED ok TEST-VDOM-008 (REQ-VDOM-008) 129ms — fails with: Error: not implemented: h
RED ok TEST-VDOM-009 (REQ-VDOM-009) 137ms — fails with: Error: not implemented: h
RED ok TEST-VDOM-010 (REQ-VDOM-010) 142ms — fails with: Error: not implemented: h
RED ok TEST-SSR-001 (REQ-SSR-001) 150ms — fails with: Error: not implemented: h
RED ok TEST-SSR-002 (REQ-SSR-002) 169ms — fails with: Error: not implemented: h
RED ok TEST-SSR-003 (REQ-SSR-003) 143ms — fails with: Error: not implemented: h
RED ok TEST-SSR-004 (REQ-SSR-004) 151ms — fails with: Error: not implemented: h
RED ok TEST-SSR-005 (REQ-SSR-005) 146ms — fails with: Error: not implemented: h
RED ok TEST-SSR-006 (REQ-SSR-006) 140ms — fails with: 'Error: not implemented: h'
RED ok TEST-SSR-007 (REQ-SSR-007) 148ms — fails with: Error: not implemented: h
RED ok TEST-SSR-008 (REQ-SSR-008) 141ms — fails with: 'Error: not implemented: h'
RED ok TEST-SSR-009 (REQ-SSR-009) 162ms — fails with: 'Error: not implemented: h'
RED ok TEST-SSR-010 (REQ-SSR-010) 149ms — fails with: Error: not implemented: signal
RED ok TEST-RUNTIME-001 (REQ-RUNTIME-001) 160ms — fails with: Error: not implemented: memoryHost
RED ok TEST-RUNTIME-002 (REQ-RUNTIME-002) 164ms — fails with: Error: not implemented: signal
RED ok TEST-RUNTIME-003 (REQ-RUNTIME-003) 158ms — fails with: Error: not implemented: signal
RED ok TEST-RUNTIME-004 (REQ-RUNTIME-004) 151ms — fails with: Error: not implemented: signal
RED ok TEST-RUNTIME-005 (REQ-RUNTIME-005) 140ms — fails with: Error: not implemented: signal
RED ok TEST-RUNTIME-006 (REQ-RUNTIME-006) 140ms — fails with: Error: not implemented: signal
RED ok TEST-RUNTIME-007 (REQ-RUNTIME-007) 157ms — fails with: Error: not implemented: signal
RED ok TEST-RUNTIME-008 (REQ-RUNTIME-008) 140ms — fails with: Error: not implemented: signal
RED ok TEST-RUNTIME-009 (REQ-RUNTIME-009) 154ms — fails with: Error: not implemented: signal
RED ok TEST-RUNTIME-010 (REQ-RUNTIME-010) 138ms — fails with: Error: not implemented: signal
