npm notice run test
npm notice run node --test packages/*/test/*.test.ts
✔ TEST-RUNTIME-001 mount (2.1732ms)
✔ TEST-RUNTIME-002 coalesced updates (0.698783ms)
✔ TEST-RUNTIME-003 keyed identity (0.520748ms)
✔ TEST-RUNTIME-004 type replacement (0.312084ms)
✔ TEST-RUNTIME-005 in-place changes (0.284083ms)
✔ TEST-RUNTIME-006 disposal cancels (0.205283ms)
✔ TEST-RUNTIME-007 listener cleanup (0.279533ms)
✔ TEST-RUNTIME-008 shared scheduler (0.299431ms)
✔ TEST-RUNTIME-009 failed render recovery (0.67502ms)
✔ TEST-RUNTIME-010 SSR parity (0.344678ms)
✔ TEST-SCHEDULER-001 priorities (1.652096ms)
✔ TEST-SCHEDULER-002 FIFO (0.179693ms)
✔ TEST-SCHEDULER-003 keyed replacement (0.166618ms)
✔ TEST-SCHEDULER-004 cancel (0.127639ms)
✔ TEST-SCHEDULER-005 enqueue during flush (0.18317ms)
✔ TEST-SCHEDULER-006 budget (0.141393ms)
✔ TEST-SCHEDULER-007 error isolation (0.505101ms)
✔ TEST-SCHEDULER-008 reentrancy (0.242767ms)
✔ TEST-SCHEDULER-009 microtask drain (2.568794ms)
✔ TEST-SCHEDULER-010 validation (4.20181ms)
✔ TEST-SCHEDULER-011 cancellation generation (0.244664ms)
✔ TEST-SCHEDULER-012 automatic errors (0.223501ms)
✔ TEST-SIGNALS-001 read/write (1.446758ms)
✔ TEST-SIGNALS-002 effects (1.219962ms)
✔ TEST-SIGNALS-003 equality (0.221666ms)
✔ TEST-SIGNALS-004 dynamic dependencies (0.278259ms)
✔ TEST-SIGNALS-005 nested batches (0.245589ms)
✔ TEST-SIGNALS-006 lazy computed (0.364791ms)
✔ TEST-SIGNALS-007 disposal (0.235412ms)
✔ TEST-SIGNALS-008 cleanup order (0.220585ms)
✔ TEST-SIGNALS-009 untrack (0.355924ms)
✔ TEST-SIGNALS-010 cycle recovery (3.847718ms)
✔ TEST-SIGNALS-011 computed propagation and diamond consistency (0.346665ms)
✔ TEST-SSR-001 deterministic HTML (1.794391ms)
✔ TEST-SSR-002 text escaping (0.25108ms)
✔ TEST-SSR-003 attribute escaping (0.159514ms)
✔ TEST-SSR-004 event omission (0.146671ms)
✔ TEST-SSR-005 boolean attributes (0.197193ms)
✔ TEST-SSR-006 void children (0.588593ms)
✔ TEST-SSR-007 styles (0.418398ms)
✔ TEST-SSR-008 unsafe names (1.534139ms)
✔ TEST-SSR-009 URL policy (0.538421ms)
✔ TEST-SSR-010 untracked snapshot (0.665477ms)
✔ TEST-VDOM-001 child flattening (1.834699ms)
✔ TEST-VDOM-002 text normalization (0.746198ms)
✔ TEST-VDOM-003 immutable snapshot (0.221523ms)
✔ TEST-VDOM-004 text patch (0.250199ms)
✔ TEST-VDOM-005 replace (0.288959ms)
✔ TEST-VDOM-006 prop delta (0.307542ms)
✔ TEST-VDOM-007 keyed move (0.332455ms)
✔ TEST-VDOM-008 structural edits (0.375656ms)
✔ TEST-VDOM-009 duplicates (0.84917ms)
✔ TEST-VDOM-010 positional reuse (2.392159ms)
ℹ tests 53
ℹ suites 0
ℹ pass 53
ℹ fail 0
ℹ cancelled 0
ℹ skipped 0
ℹ todo 0
ℹ duration_ms 155.849391
