exit 0
RED ok TEST-NOMATCH-001 (REQ-NOMATCH-001) 127ms — fails with: AssertionError [ERR_ASSERTION]: Expected values to be strictly equal:

exit 0
GREEN ok TEST-NOMATCH-001 (REQ-NOMATCH-001) 99ms

exit 1
✖ TEST-NOMATCH-001 sum (1.039109ms)
ℹ tests 1
ℹ suites 0
ℹ pass 0
ℹ fail 1
ℹ cancelled 0
ℹ skipped 0
ℹ todo 0
ℹ duration_ms 68.448142

✖ failing tests:

test at TEST-NOMATCH-001.test.mjs:5:1
✖ TEST-NOMATCH-001 sum (1.039109ms)
  AssertionError [ERR_ASSERTION]: Expected values to be strictly equal:
  
  0 !== 3
  
      at TestContext.<anonymous> (file:///home/nahisaho/GitHub/musubix6/dogfood-7/findings/repro-app006-2/TEST-NOMATCH-001.test.mjs:5:45)
      at Test.runInAsyncScope (node:async_hooks:227:14)
      at Test.run (node:internal/test_runner/test:1402:25)
      at Test.start (node:internal/test_runner/test:1262:17)
      at startSubtestAfterBootstrap (node:internal/test_runner/harness:387:17) {
    generatedMessage: true,
    code: 'ERR_ASSERTION',
    actual: 0,
    expected: 3,
    operator: 'strictEqual',
    diff: 'simple'
  }

